// Jest Snapshot v1, https://goo.gl/fbAQLP

exports[`LoadingIndicator matches snapshot 1`] = `
<DocumentFragment>
  <div
    class="flex justify-center items-center h-full"
  >
    <div
      class="animate-spin rounded-full h-12 w-12 border-t-2 border-b-2 border-blue-500"
    />
  </div>
</DocumentFragment>
`;
